--Map files use lua language but have different file extention

--to create map you need to have
--table with name where all object are named
--type_id = typeids.Engine.SolidBlock,

--get current path
--dofile(debug.getinfo(1).source:match("@?(.*/)").."../../typeid.lua");

map=
{
 { type_id = 21, name = "", texture_name = "dev64_blue", shadow_shape = { point_count=4,{ x=0,y=0 },{ x=64,y=0 },{ x=64,y=64 },{ x=0,y=64 } }, size={x=64,y=64},location={x=64,y=320}  },
 { type_id = 21, name = "", texture_name = "dev64_blue", shadow_shape = { point_count=4,{ x=0,y=0 },{ x=64,y=0 },{ x=64,y=64 },{ x=0,y=64 } }, size={x=64,y=64},location={x=128,y=320}  },
 { type_id = 21, name = "", texture_name = "dev64_blue", shadow_shape = { point_count=4,{ x=0,y=0 },{ x=64,y=0 },{ x=64,y=64 },{ x=0,y=64 } }, size={x=64,y=64},location={x=192,y=320}  },
 { type_id = 21, name = "", texture_name = "dev64_blue", shadow_shape = { point_count=4,{ x=0,y=0 },{ x=64,y=0 },{ x=64,y=64 },{ x=0,y=64 } }, size={x=64,y=64},location={x=256,y=320}  },
 { type_id = 21, name = "", texture_name = "dev64_blue", shadow_shape = { point_count=4,{ x=0,y=0 },{ x=64,y=0 },{ x=64,y=64 },{ x=0,y=64 } }, size={x=64,y=64},location={x=320,y=320}  },
 { type_id = 21, name = "", texture_name = "dev64_blue", shadow_shape = { point_count=4,{ x=0,y=0 },{ x=64,y=0 },{ x=64,y=64 },{ x=0,y=64 } }, size={x=64,y=64},location={x=384,y=320}  },
 { type_id = 21, name = "", texture_name = "dev64_blue", shadow_shape = { point_count=4,{ x=0,y=0 },{ x=64,y=0 },{ x=64,y=64 },{ x=0,y=64 } }, size={x=64,y=64},location={x=448,y=320}  },
 { type_id = 24, name = "", script_name = "scripts/testtrigger.lua", size={x=64,y=64},location={x=576,y=320}  },
 --{ type_id = 22, name = "", texture_name = "dev64_brown", shadow_shape = { point_count=4,{ x=0,y=0 },{ x=64,y=0 },{ x=64,y=64 },{ x=0,y=64 } }, size={x=64,y=64},location={x=640,y=500},end_location={x=640,y=0}  },
 { type_id = 22, name = "", texture_name = "dev64_brown", shadow_shape = { point_count=4,{ x=0,y=0 },{ x=64,y=0 },{ x=64,y=64 },{ x=0,y=64 } }, size={x=64,y=64},location={x=576,y=320},end_location={x=64*12,y=320}  },
 { type_id = 18, name = "", texture_name = "dev64_green",mass=100.0,material_name="", shadow_shape = { point_count=4,{ x=0,y=0 },{ x=64,y=0 },{ x=64,y=64 },{ x=0,y=64 } }, size={x=64,y=64},location={x=256,y=0}  }
};
